Archive member included to satisfy reference by file (symbol)

c:/st/stm32cubeide_1.8.0/stm32cubeide/plugins/com.st.stm32cube.ide.mcu.externaltools.gnu-tools-for-stm32.9-2020-q2-update.win32_2.0.0.202105311346/tools/bin/../lib/gcc/arm-none-eabi/9.3.1/../../../../arm-none-eabi/lib/thumb/v7-m/nofp\libc_nano.a(lib_a-errno.o)
                              ./Core/Src/syscalls.o (__errno)
c:/st/stm32cubeide_1.8.0/stm32cubeide/plugins/com.st.stm32cube.ide.mcu.externaltools.gnu-tools-for-stm32.9-2020-q2-update.win32_2.0.0.202105311346/tools/bin/../lib/gcc/arm-none-eabi/9.3.1/../../../../arm-none-eabi/lib/thumb/v7-m/nofp\libc_nano.a(lib_a-exit.o)
                              c:/st/stm32cubeide_1.8.0/stm32cubeide/plugins/com.st.stm32cube.ide.mcu.externaltools.gnu-tools-for-stm32.9-2020-q2-update.win32_2.0.0.202105311346/tools/bin/../lib/gcc/arm-none-eabi/9.3.1/../../../../arm-none-eabi/lib/thumb/v7-m/nofp/crt0.o (exit)
c:/st/stm32cubeide_1.8.0/stm32cubeide/plugins/com.st.stm32cube.ide.mcu.externaltools.gnu-tools-for-stm32.9-2020-q2-update.win32_2.0.0.202105311346/tools/bin/../lib/gcc/arm-none-eabi/9.3.1/../../../../arm-none-eabi/lib/thumb/v7-m/nofp\libc_nano.a(lib_a-impure.o)
                              c:/st/stm32cubeide_1.8.0/stm32cubeide/plugins/com.st.stm32cube.ide.mcu.externaltools.gnu-tools-for-stm32.9-2020-q2-update.win32_2.0.0.202105311346/tools/bin/../lib/gcc/arm-none-eabi/9.3.1/../../../../arm-none-eabi/lib/thumb/v7-m/nofp\libc_nano.a(lib_a-exit.o) (_global_impure_ptr)
c:/st/stm32cubeide_1.8.0/stm32cubeide/plugins/com.st.stm32cube.ide.mcu.externaltools.gnu-tools-for-stm32.9-2020-q2-update.win32_2.0.0.202105311346/tools/bin/../lib/gcc/arm-none-eabi/9.3.1/../../../../arm-none-eabi/lib/thumb/v7-m/nofp\libc_nano.a(lib_a-init.o)
                              c:/st/stm32cubeide_1.8.0/stm32cubeide/plugins/com.st.stm32cube.ide.mcu.externaltools.gnu-tools-for-stm32.9-2020-q2-update.win32_2.0.0.202105311346/tools/bin/../lib/gcc/arm-none-eabi/9.3.1/../../../../arm-none-eabi/lib/thumb/v7-m/nofp/crt0.o (__libc_init_array)
c:/st/stm32cubeide_1.8.0/stm32cubeide/plugins/com.st.stm32cube.ide.mcu.externaltools.gnu-tools-for-stm32.9-2020-q2-update.win32_2.0.0.202105311346/tools/bin/../lib/gcc/arm-none-eabi/9.3.1/../../../../arm-none-eabi/lib/thumb/v7-m/nofp\libc_nano.a(lib_a-memset.o)
                              c:/st/stm32cubeide_1.8.0/stm32cubeide/plugins/com.st.stm32cube.ide.mcu.externaltools.gnu-tools-for-stm32.9-2020-q2-update.win32_2.0.0.202105311346/tools/bin/../lib/gcc/arm-none-eabi/9.3.1/../../../../arm-none-eabi/lib/thumb/v7-m/nofp/crt0.o (memset)
c:/st/stm32cubeide_1.8.0/stm32cubeide/plugins/com.st.stm32cube.ide.mcu.externaltools.gnu-tools-for-stm32.9-2020-q2-update.win32_2.0.0.202105311346/tools/bin/../lib/gcc/arm-none-eabi/9.3.1/thumb/v7-m/nofp\libgcc.a(_arm_muldf3.o)
                              ./MYDRIVERS/oled.o (__aeabi_dmul)
c:/st/stm32cubeide_1.8.0/stm32cubeide/plugins/com.st.stm32cube.ide.mcu.externaltools.gnu-tools-for-stm32.9-2020-q2-update.win32_2.0.0.202105311346/tools/bin/../lib/gcc/arm-none-eabi/9.3.1/thumb/v7-m/nofp\libgcc.a(_arm_addsubdf3.o)
                              ./MYDRIVERS/oled.o (__aeabi_i2d)
c:/st/stm32cubeide_1.8.0/stm32cubeide/plugins/com.st.stm32cube.ide.mcu.externaltools.gnu-tools-for-stm32.9-2020-q2-update.win32_2.0.0.202105311346/tools/bin/../lib/gcc/arm-none-eabi/9.3.1/thumb/v7-m/nofp\libgcc.a(_arm_fixunsdfsi.o)
                              ./MYDRIVERS/oled.o (__aeabi_d2uiz)

Allocating common symbols
Common symbol       size              file

hi2c1               0x54              ./Core/Src/main.o
uwTick              0x4               ./Drivers/STM32F1xx_HAL_Driver/Src/stm32f1xx_hal.o
pFlash              0x20              ./Drivers/STM32F1xx_HAL_Driver/Src/stm32f1xx_hal_flash.o

Discarded input sections

 .text          0x0000000000000000        0x0 c:/st/stm32cubeide_1.8.0/stm32cubeide/plugins/com.st.stm32cube.ide.mcu.externaltools.gnu-tools-for-stm32.9-2020-q2-update.win32_2.0.0.202105311346/tools/bin/../lib/gcc/arm-none-eabi/9.3.1/thumb/v7-m/nofp/crti.o
 .data          0x0000000000000000        0x0 c:/st/stm32cubeide_1.8.0/stm32cubeide/plugins/com.st.stm32cube.ide.mcu.externaltools.gnu-tools-for-stm32.9-2020-q2-update.win32_2.0.0.202105311346/tools/bin/../lib/gcc/arm-none-eabi/9.3.1/thumb/v7-m/nofp/crti.o
 .bss           0x0000000000000000        0x0 c:/st/stm32cubeide_1.8.0/stm32cubeide/plugins/com.st.stm32cube.ide.mcu.externaltools.gnu-tools-for-stm32.9-2020-q2-update.win32_2.0.0.202105311346/tools/bin/../lib/gcc/arm-none-eabi/9.3.1/thumb/v7-m/nofp/crti.o
 .data          0x0000000000000000        0x4 c:/st/stm32cubeide_1.8.0/stm32cubeide/plugins/com.st.stm32cube.ide.mcu.externaltools.gnu-tools-for-stm32.9-2020-q2-update.win32_2.0.0.202105311346/tools/bin/../lib/gcc/arm-none-eabi/9.3.1/thumb/v7-m/nofp/crtbegin.o
[...]
Memory Configuration

Name             Origin             Length             Attributes
RAM              0x0000000020000000 0x0000000000005000 xrw
FLASH            0x0000000008000000 0x0000000000010000 xr
*default*        0x0000000000000000 0xffffffffffffffff

Linker script and memory map

LOAD c:/st/stm32cubeide_1.8.0/stm32cubeide/plugins/com.st.stm32cube.ide.mcu.externaltools.gnu-tools-for-stm32.9-2020-q2-update.win32_2.0.0.202105311346/tools/bin/../lib/gcc/arm-none-eabi/9.3.1/thumb/v7-m/nofp/crti.o
LOAD c:/st/stm32cubeide_1.8.0/stm32cubeide/plugins/com.st.stm32cube.ide.mcu.externaltools.gnu-tools-for-stm32.9-2020-q2-update.win32_2.0.0.202105311346/tools/bin/../lib/gcc/arm-none-eabi/9.3.1/thumb/v7-m/nofp/crtbegin.o
LOAD c:/st/stm32cubeide_1.8.0/stm32cubeide/plugins/com.st.stm32cube.ide.mcu.externaltools.gnu-tools-for-stm32.9-2020-q2-update.win32_2.0.0.202105311346/tools/bin/../lib/gcc/arm-none-eabi/9.3.1/../../../../arm-none-eabi/lib/thumb/v7-m/nofp/crt0.o
LOAD ./Core/Src/main.o
LOAD ./Core/Src/stm32f1xx_hal_msp.o
LOAD ./Core/Src/stm32f1xx_it.o
LOAD ./Core/Src/syscalls.o
LOAD ./Core/Src/sysmem.o
LOAD ./Core/Src/system_stm32f1xx.o
LOAD ./Core/Startup/startup_stm32f103c8tx.o
LOAD ./Drivers/STM32F1xx_HAL_Driver/Src/stm32f1xx_hal.o
LOAD ./Drivers/STM32F1xx_HAL_Driver/Src/stm32f1xx_hal_cortex.o
LOAD ./Drivers/STM32F1xx_HAL_Driver/Src/stm32f1xx_hal_dma.o
LOAD ./Drivers/STM32F1xx_HAL_Driver/Src/stm32f1xx_hal_exti.o
LOAD ./Drivers/STM32F1xx_HAL_Driver/Src/stm32f1xx_hal_flash.o
LOAD ./Drivers/STM32F1xx_HAL_Driver/Src/stm32f1xx_hal_flash_ex.o
LOAD ./Drivers/STM32F1xx_HAL_Driver/Src/stm32f1xx_hal_gpio.o
LOAD ./Drivers/STM32F1xx_HAL_Driver/Src/stm32f1xx_hal_gpio_ex.o
LOAD ./Drivers/STM32F1xx_HAL_Driver/Src/stm32f1xx_hal_i2c.o
LOAD ./Drivers/STM32F1xx_HAL_Driver/Src/stm32f1xx_hal_pwr.o
LOAD ./Drivers/STM32F1xx_HAL_Driver/Src/stm32f1xx_hal_rcc.o
LOAD ./Drivers/STM32F1xx_HAL_Driver/Src/stm32f1xx_hal_rcc_ex.o
LOAD ./Drivers/STM32F1xx_HAL_Driver/Src/stm32f1xx_hal_tim.o
LOAD ./Drivers/STM32F1xx_HAL_Driver/Src/stm32f1xx_hal_tim_ex.o
LOAD ./MYDRIVERS/hread_interface.o
LOAD ./MYDRIVERS/mymain.o
LOAD ./MYDRIVERS/oled.o
START GROUP
LOAD c:/st/stm32cubeide_1.8.0/stm32cubeide/plugins/com.st.stm32cube.ide.mcu.externaltools.gnu-tools-for-stm32.9-2020-q2-update.win32_2.0.0.202105311346/tools/bin/../lib/gcc/arm-none-eabi/9.3.1/../../../../arm-none-eabi/lib/thumb/v7-m/nofp\libc_nano.a
LOAD c:/st/stm32cubeide_1.8.0/stm32cubeide/plugins/com.st.stm32cube.ide.mcu.externaltools.gnu-tools-for-stm32.9-2020-q2-update.win32_2.0.0.202105311346/tools/bin/../lib/gcc/arm-none-eabi/9.3.1/../../../../arm-none-eabi/lib/thumb/v7-m/nofp\libm.a
END GROUP
START GROUP
LOAD c:/st/stm32cubeide_1.8.0/stm32cubeide/plugins/com.st.stm32cube.ide.mcu.externaltools.gnu-tools-for-stm32.9-2020-q2-update.win32_2.0.0.202105311346/tools/bin/../lib/gcc/arm-none-eabi/9.3.1/thumb/v7-m/nofp\libgcc.a
LOAD c:/st/stm32cubeide_1.8.0/stm32cubeide/plugins/com.st.stm32cube.ide.mcu.externaltools.gnu-tools-for-stm32.9-2020-q2-update.win32_2.0.0.202105311346/tools/bin/../lib/gcc/arm-none-eabi/9.3.1/../../../../arm-none-eabi/lib/thumb/v7-m/nofp\libc_nano.a
END GROUP
START GROUP
LOAD c:/st/stm32cubeide_1.8.0/stm32cubeide/plugins/com.st.stm32cube.ide.mcu.externaltools.gnu-tools-for-stm32.9-2020-q2-update.win32_2.0.0.202105311346/tools/bin/../lib/gcc/arm-none-eabi/9.3.1/thumb/v7-m/nofp\libgcc.a
LOAD c:/st/stm32cubeide_1.8.0/stm32cubeide/plugins/com.st.stm32cube.ide.mcu.externaltools.gnu-tools-for-stm32.9-2020-q2-update.win32_2.0.0.202105311346/tools/bin/../lib/gcc/arm-none-eabi/9.3.1/../../../../arm-none-eabi/lib/thumb/v7-m/nofp\libc_nano.a
LOAD c:/st/stm32cubeide_1.8.0/stm32cubeide/plugins/com.st.stm32cube.ide.mcu.externaltools.gnu-tools-for-stm32.9-2020-q2-update.win32_2.0.0.202105311346/tools/bin/../lib/gcc/arm-none-eabi/9.3.1/../../../../arm-none-eabi/lib/thumb/v7-m/nofp\libnosys.a
END GROUP
START GROUP
LOAD c:/st/stm32cubeide_1.8.0/stm32cubeide/plugins/com.st.stm32cube.ide.mcu.externaltools.gnu-tools-for-stm32.9-2020-q2-update.win32_2.0.0.202105311346/tools/bin/../lib/gcc/arm-none-eabi/9.3.1/thumb/v7-m/nofp\libgcc.a
LOAD c:/st/stm32cubeide_1.8.0/stm32cubeide/plugins/com.st.stm32cube.ide.mcu.externaltools.gnu-tools-for-stm32.9-2020-q2-update.win32_2.0.0.202105311346/tools/bin/../lib/gcc/arm-none-eabi/9.3.1/../../../../arm-none-eabi/lib/thumb/v7-m/nofp\libc_nano.a
LOAD c:/st/stm32cubeide_1.8.0/stm32cubeide/plugins/com.st.stm32cube.ide.mcu.externaltools.gnu-tools-for-stm32.9-2020-q2-update.win32_2.0.0.202105311346/tools/bin/../lib/gcc/arm-none-eabi/9.3.1/../../../../arm-none-eabi/lib/thumb/v7-m/nofp\libnosys.a
END GROUP
LOAD c:/st/stm32cubeide_1.8.0/stm32cubeide/plugins/com.st.stm32cube.ide.mcu.externaltools.gnu-tools-for-stm32.9-2020-q2-update.win32_2.0.0.202105311346/tools/bin/../lib/gcc/arm-none-eabi/9.3.1/thumb/v7-m/nofp/crtend.o
LOAD c:/st/stm32cubeide_1.8.0/stm32cubeide/plugins/com.st.stm32cube.ide.mcu.externaltools.gnu-tools-for-stm32.9-2020-q2-update.win32_2.0.0.202105311346/tools/bin/../lib/gcc/arm-none-eabi/9.3.1/thumb/v7-m/nofp/crtn.o
                0x0000000020005000                _estack = (ORIGIN (RAM) + LENGTH (RAM))
                0x0000000000000200                _Min_Heap_Size = 0x200
                0x0000000000000400                _Min_Stack_Size = 0x400

.isr_vector     0x0000000008000000      0x10c
                0x0000000008000000                . = ALIGN (0x4)
 *(.isr_vector)
 .isr_vector    0x0000000008000000      0x10c ./Core/Startup/startup_stm32f103c8tx.o
                0x0000000008000000                g_pfnVectors
                0x000000000800010c                . = ALIGN (0x4)

.text           0x000000000800010c     0x14b8
                0x000000000800010c                . = ALIGN (0x4)
 *(.text)
 .text          0x000000000800010c       0x40 c:/st/stm32cubeide_1.8.0/stm32cubeide/plugins/com.st.stm32cube.ide.mcu.externaltools.gnu-tools-for-stm32.9-2020-q2-update.win32_2.0.0.202105311346/tools/bin/../lib/gcc/arm-none-eabi/9.3.1/thumb/v7-m/nofp/crtbegin.o
 *(.text*)
 .text.main     0x000000000800014c       0x58 ./Core/Src/main.o
                0x000000000800014c                main
 .text.SystemClock_Config
                0x00000000080001a4       0x78 ./Core/Src/main.o
                0x00000000080001a4                SystemClock_Config
 .text.MX_I2C1_Init
                0x000000000800021c       0x5c ./Core/Src/main.o
 .text.MX_GPIO_Init
                0x0000000008000278       0xa8 ./Core/Src/main.o
 .text.Error_Handler
                0x0000000008000320        0xa ./Core/Src/main.o
                0x0000000008000320                Error_Handler
 *fill*         0x000000000800032a        0x2 
 .text.HAL_MspInit
                0x000000000800032c       0x64 ./Core/Src/stm32f1xx_hal_msp.o
                0x000000000800032c                HAL_MspInit
 .text.HAL_I2C_MspInit
                0x0000000008000390       0x7c ./Core/Src/stm32f1xx_hal_msp.o
                0x0000000008000390                HAL_I2C_MspInit
 .text.NMI_Handler
                0x000000000800040c        0x6 ./Core/Src/stm32f1xx_it.o
                0x000000000800040c                NMI_Handler
 .text.HardFault_Handler
                0x0000000008000412        0x6 ./Core/Src/stm32f1xx_it.o
                0x0000000008000412                HardFault_Handler
 .text.MemManage_Handler
                0x0000000008000418        0x6 ./Core/Src/stm32f1xx_it.o
                0x0000000008000418                MemManage_Handler
 .text.BusFault_Handler
                0x000000000800041e        0x6 ./Core/Src/stm32f1xx_it.o
                0x000000000800041e                BusFault_Handler
 .text.UsageFault_Handler
                0x0000000008000424        0x6 ./Core/Src/stm32f1xx_it.o
                0x0000000008000424                UsageFault_Handler
 .text.SVC_Handler
                0x000000000800042a        0xc ./Core/Src/stm32f1xx_it.o
                0x000000000800042a                SVC_Handler
 .text.DebugMon_Handler
                0x0000000008000436        0xc ./Core/Src/stm32f1xx_it.o
                0x0000000008000436                DebugMon_Handler
 .text.PendSV_Handler
                0x0000000008000442        0xc ./Core/Src/stm32f1xx_it.o
                0x0000000008000442                PendSV_Handler
 .text.SysTick_Handler
                0x000000000800044e        0xc ./Core/Src/stm32f1xx_it.o
                0x000000000800044e                SysTick_Handler
 .text.SystemInit
                0x000000000800045a        0xc ./Core/Src/system_stm32f1xx.o
                0x000000000800045a                SystemInit
 *fill*         0x0000000008000466        0x2 
 .text.Reset_Handler
                0x0000000008000468       0x48 ./Core/Startup/startup_stm32f103c8tx.o
                0x0000000008000468                Reset_Handler
 .text.Default_Handler
                0x00000000080004b0        0x2 ./Core/Startup/startup_stm32f103c8tx.o
                0x00000000080004b0                RTC_Alarm_IRQHandler
                0x00000000080004b0                EXTI2_IRQHandler
                0x00000000080004b0                TIM1_CC_IRQHandler
                0x00000000080004b0                PVD_IRQHandler
                0x00000000080004b0                EXTI3_IRQHandler
                0x00000000080004b0                EXTI0_IRQHandler
                0x00000000080004b0                I2C2_EV_IRQHandler
                0x00000000080004b0                ADC1_2_IRQHandler
                0x00000000080004b0                SPI1_IRQHandler
                0x00000000080004b0                TAMPER_IRQHandler
                0x00000000080004b0                DMA1_Channel4_IRQHandler
                0x00000000080004b0                USART3_IRQHandler
                0x00000000080004b0                RTC_IRQHandler
                0x00000000080004b0                DMA1_Channel7_IRQHandler
                0x00000000080004b0                CAN1_RX1_IRQHandler
                0x00000000080004b0                TIM4_IRQHandler
                0x00000000080004b0                I2C1_EV_IRQHandler
                0x00000000080004b0                DMA1_Channel6_IRQHandler
                0x00000000080004b0                TIM3_IRQHandler
                0x00000000080004b0                RCC_IRQHandler
                0x00000000080004b0                TIM1_TRG_COM_IRQHandler
                0x00000000080004b0                DMA1_Channel1_IRQHandler
                0x00000000080004b0                Default_Handler
                0x00000000080004b0                EXTI15_10_IRQHandler
                0x00000000080004b0                EXTI9_5_IRQHandler
                0x00000000080004b0                SPI2_IRQHandler
                0x00000000080004b0                DMA1_Channel5_IRQHandler
                0x00000000080004b0                EXTI4_IRQHandler
                0x00000000080004b0                USB_LP_CAN1_RX0_IRQHandler
                0x00000000080004b0                USB_HP_CAN1_TX_IRQHandler
                0x00000000080004b0                DMA1_Channel3_IRQHandler
                0x00000000080004b0                TIM1_UP_IRQHandler
                0x00000000080004b0                WWDG_IRQHandler
                0x00000000080004b0                TIM2_IRQHandler
                0x00000000080004b0                TIM1_BRK_IRQHandler
                0x00000000080004b0                EXTI1_IRQHandler
                0x00000000080004b0                USART2_IRQHandler
                0x00000000080004b0                I2C2_ER_IRQHandler
                0x00000000080004b0                DMA1_Channel2_IRQHandler
                0x00000000080004b0                CAN1_SCE_IRQHandler
                0x00000000080004b0                FLASH_IRQHandler
                0x00000000080004b0                USART1_IRQHandler
                0x00000000080004b0                I2C1_ER_IRQHandler
                0x00000000080004b0                USBWakeUp_IRQHandler
 *fill*         0x00000000080004b2        0x2 
 .text.HAL_Init
                0x00000000080004b4       0x2c ./Drivers/STM32F1xx_HAL_Driver/Src/stm32f1xx_hal.o
                0x00000000080004b4                HAL_Init
 .text.HAL_InitTick
                0x00000000080004e0       0x60 ./Drivers/STM32F1xx_HAL_Driver/Src/stm32f1xx_hal.o
                0x00000000080004e0                HAL_InitTick
 .text.HAL_IncTick
                0x0000000008000540       0x24 ./Drivers/STM32F1xx_HAL_Driver/Src/stm32f1xx_hal.o
                0x0000000008000540                HAL_IncTick
 .text.HAL_GetTick
                0x0000000008000564       0x14 ./Drivers/STM32F1xx_HAL_Driver/Src/stm32f1xx_hal.o
                0x0000000008000564                HAL_GetTick
 .text.HAL_Delay
                0x0000000008000578       0x48 ./Drivers/STM32F1xx_HAL_Driver/Src/stm32f1xx_hal.o
                0x0000000008000578                HAL_Delay
 .text.__NVIC_SetPriorityGrouping
                0x00000000080005c0       0x48 ./Drivers/STM32F1xx_HAL_Driver/Src/stm32f1xx_hal_cortex.o
 .text.__NVIC_GetPriorityGrouping
                0x0000000008000608       0x1c ./Drivers/STM32F1xx_HAL_Driver/Src/stm32f1xx_hal_cortex.o
 .text.__NVIC_SetPriority
                0x0000000008000624       0x54 ./Drivers/STM32F1xx_HAL_Driver/Src/stm32f1xx_hal_cortex.o
 .text.NVIC_EncodePriority
                0x0000000008000678       0x64 ./Drivers/STM32F1xx_HAL_Driver/Src/stm32f1xx_hal_cortex.o
 .text.SysTick_Config
                0x00000000080006dc       0x44 ./Drivers/STM32F1xx_HAL_Driver/Src/stm32f1xx_hal_cortex.o
 .text.HAL_NVIC_SetPriorityGrouping
                0x0000000008000720       0x16 ./Drivers/STM32F1xx_HAL_Driver/Src/stm32f1xx_hal_cortex.o
                0x0000000008000720                HAL_NVIC_SetPriorityGrouping
 .text.HAL_NVIC_SetPriority
                0x0000000008000736       0x38 ./Drivers/STM32F1xx_HAL_Driver/Src/stm32f1xx_hal_cortex.o
                0x0000000008000736                HAL_NVIC_SetPriority
 .text.HAL_SYSTICK_Config
                0x000000000800076e       0x18 ./Drivers/STM32F1xx_HAL_Driver/Src/stm32f1xx_hal_cortex.o
                0x000000000800076e                HAL_SYSTICK_Config
 *fill*         0x0000000008000786        0x2 
 .text.HAL_GPIO_Init
                0x0000000008000788      0x308 ./Drivers/STM32F1xx_HAL_Driver/Src/stm32f1xx_hal_gpio.o
                0x0000000008000788                HAL_GPIO_Init
 .text.HAL_GPIO_WritePin
                0x0000000008000a90       0x30 ./Drivers/STM32F1xx_HAL_Driver/Src/stm32f1xx_hal_gpio.o
                0x0000000008000a90                HAL_GPIO_WritePin
 .text.HAL_I2C_Init
                0x0000000008000ac0      0x288 ./Drivers/STM32F1xx_HAL_Driver/Src/stm32f1xx_hal_i2c.o
                0x0000000008000ac0                HAL_I2C_Init
 .text.HAL_RCC_OscConfig
                0x0000000008000d48      0x500 ./Drivers/STM32F1xx_HAL_Driver/Src/stm32f1xx_hal_rcc.o
                0x0000000008000d48                HAL_RCC_OscConfig
 .text.HAL_RCC_ClockConfig
                0x0000000008001248      0x1d4 ./Drivers/STM32F1xx_HAL_Driver/Src/stm32f1xx_hal_rcc.o
                0x0000000008001248                HAL_RCC_ClockConfig
 .text.HAL_RCC_GetSysClockFreq
                0x000000000800141c       0xc0 ./Drivers/STM32F1xx_HAL_Driver/Src/stm32f1xx_hal_rcc.o
                0x000000000800141c                HAL_RCC_GetSysClockFreq
 .text.HAL_RCC_GetHCLKFreq
                0x00000000080014dc       0x14 ./Drivers/STM32F1xx_HAL_Driver/Src/stm32f1xx_hal_rcc.o
                0x00000000080014dc                HAL_RCC_GetHCLKFreq
 .text.HAL_RCC_GetPCLK1Freq
                0x00000000080014f0       0x28 ./Drivers/STM32F1xx_HAL_Driver/Src/stm32f1xx_hal_rcc.o
                0x00000000080014f0                HAL_RCC_GetPCLK1Freq
 .text.RCC_Delay
                0x0000000008001518       0x3c ./Drivers/STM32F1xx_HAL_Driver/Src/stm32f1xx_hal_rcc.o
 .text.__libc_init_array
                0x0000000008001554       0x48 c:/st/stm32cubeide_1.8.0/stm32cubeide/plugins/com.st.stm32cube.ide.mcu.externaltools.gnu-tools-for-stm32.9-2020-q2-update.win32_2.0.0.202105311346/tools/bin/../lib/gcc/arm-none-eabi/9.3.1/../../../../arm-none-eabi/lib/thumb/v7-m/nofp\libc_nano.a(lib_a-init.o)
                0x0000000008001554                __libc_init_array
 .text.memset   0x000000000800159c       0x10 c:/st/stm32cubeide_1.8.0/stm32cubeide/plugins/com.st.stm32cube.ide.mcu.externaltools.gnu-tools-for-stm32.9-2020-q2-update.win32_2.0.0.202105311346/tools/bin/../lib/gcc/arm-none-eabi/9.3.1/../../../../arm-none-eabi/lib/thumb/v7-m/nofp\libc_nano.a(lib_a-memset.o)
                0x000000000800159c                memset
 *(.glue_7)
 .glue_7        0x00000000080015ac        0x0 linker stubs
 *(.glue_7t)
 .glue_7t       0x00000000080015ac        0x0 linker stubs
 *(.eh_frame)
 .eh_frame      0x00000000080015ac        0x0 c:/st/stm32cubeide_1.8.0/stm32cubeide/plugins/com.st.stm32cube.ide.mcu.externaltools.gnu-tools-for-stm32.9-2020-q2-update.win32_2.0.0.202105311346/tools/bin/../lib/gcc/arm-none-eabi/9.3.1/thumb/v7-m/nofp/crtbegin.o
 *(.init)
 .init          0x00000000080015ac        0x4 c:/st/stm32cubeide_1.8.0/stm32cubeide/plugins/com.st.stm32cube.ide.mcu.externaltools.gnu-tools-for-stm32.9-2020-q2-update.win32_2.0.0.202105311346/tools/bin/../lib/gcc/arm-none-eabi/9.3.1/thumb/v7-m/nofp/crti.o
                0x00000000080015ac                _init
 .init          0x00000000080015b0        0x8 c:/st/stm32cubeide_1.8.0/stm32cubeide/plugins/com.st.stm32cube.ide.mcu.externaltools.gnu-tools-for-stm32.9-2020-q2-update.win32_2.0.0.202105311346/tools/bin/../lib/gcc/arm-none-eabi/9.3.1/thumb/v7-m/nofp/crtn.o
 *(.fini)
 .fini          0x00000000080015b8        0x4 c:/st/stm32cubeide_1.8.0/stm32cubeide/plugins/com.st.stm32cube.ide.mcu.externaltools.gnu-tools-for-stm32.9-2020-q2-update.win32_2.0.0.202105311346/tools/bin/../lib/gcc/arm-none-eabi/9.3.1/thumb/v7-m/nofp/crti.o
                0x00000000080015b8                _fini
 .fini          0x00000000080015bc        0x8 c:/st/stm32cubeide_1.8.0/stm32cubeide/plugins/com.st.stm32cube.ide.mcu.externaltools.gnu-tools-for-stm32.9-2020-q2-update.win32_2.0.0.202105311346/tools/bin/../lib/gcc/arm-none-eabi/9.3.1/thumb/v7-m/nofp/crtn.o
                0x00000000080015c4                . = ALIGN (0x4)
                0x00000000080015c4                _etext = .

.vfp11_veneer   0x00000000080015c4        0x0
 .vfp11_veneer  0x00000000080015c4        0x0 linker stubs

.v4_bx          0x00000000080015c4        0x0
 .v4_bx         0x00000000080015c4        0x0 linker stubs

.iplt           0x00000000080015c4        0x0
 .iplt          0x00000000080015c4        0x0 c:/st/stm32cubeide_1.8.0/stm32cubeide/plugins/com.st.stm32cube.ide.mcu.externaltools.gnu-tools-for-stm32.9-2020-q2-update.win32_2.0.0.202105311346/tools/bin/../lib/gcc/arm-none-eabi/9.3.1/thumb/v7-m/nofp/crtbegin.o

.rodata         0x00000000080015c4       0x28
                0x00000000080015c4                . = ALIGN (0x4)
 *(.rodata)
 .rodata        0x00000000080015c4       0x10 ./Drivers/STM32F1xx_HAL_Driver/Src/stm32f1xx_hal_rcc.o
 *(.rodata*)
 .rodata.AHBPrescTable
                0x00000000080015d4       0x10 ./Core/Src/system_stm32f1xx.o
                0x00000000080015d4                AHBPrescTable
 .rodata.APBPrescTable
                0x00000000080015e4        0x8 ./Core/Src/system_stm32f1xx.o
                0x00000000080015e4                APBPrescTable
                0x00000000080015ec                . = ALIGN (0x4)

.rel.dyn        0x00000000080015ec        0x0
 .rel.iplt      0x00000000080015ec        0x0 c:/st/stm32cubeide_1.8.0/stm32cubeide/plugins/com.st.stm32cube.ide.mcu.externaltools.gnu-tools-for-stm32.9-2020-q2-update.win32_2.0.0.202105311346/tools/bin/../lib/gcc/arm-none-eabi/9.3.1/thumb/v7-m/nofp/crtbegin.o

.ARM.extab      0x00000000080015ec        0x0
                0x00000000080015ec                . = ALIGN (0x4)
 *(.ARM.extab* .gnu.linkonce.armextab.*)
                0x00000000080015ec                . = ALIGN (0x4)

.ARM            0x00000000080015ec        0x0
                0x00000000080015ec                . = ALIGN (0x4)
                0x00000000080015ec                __exidx_start = .
 *(.ARM.exidx*)
                0x00000000080015ec                __exidx_end = .
                0x00000000080015ec                . = ALIGN (0x4)

.preinit_array  0x00000000080015ec        0x0
                0x00000000080015ec                . = ALIGN (0x4)
                0x00000000080015ec                PROVIDE (__preinit_array_start = .)
 *(.preinit_array*)
                0x00000000080015ec                PROVIDE (__preinit_array_end = .)
                0x00000000080015ec                . = ALIGN (0x4)

.init_array     0x00000000080015ec        0x4
                0x00000000080015ec                . = ALIGN (0x4)
                0x00000000080015ec                PROVIDE (__init_array_start = .)
 *(SORT_BY_NAME(.init_array.*))
 *(.init_array*)
 .init_array    0x00000000080015ec        0x4 c:/st/stm32cubeide_1.8.0/stm32cubeide/plugins/com.st.stm32cube.ide.mcu.externaltools.gnu-tools-for-stm32.9-2020-q2-update.win32_2.0.0.202105311346/tools/bin/../lib/gcc/arm-none-eabi/9.3.1/thumb/v7-m/nofp/crtbegin.o
                0x00000000080015f0                PROVIDE (__init_array_end = .)
                0x00000000080015f0                . = ALIGN (0x4)

.fini_array     0x00000000080015f0        0x4
                0x00000000080015f0                . = ALIGN (0x4)
                [!provide]                        PROVIDE (__fini_array_start = .)
 *(SORT_BY_NAME(.fini_array.*))
 *(.fini_array*)
 .fini_array    0x00000000080015f0        0x4 c:/st/stm32cubeide_1.8.0/stm32cubeide/plugins/com.st.stm32cube.ide.mcu.externaltools.gnu-tools-for-stm32.9-2020-q2-update.win32_2.0.0.202105311346/tools/bin/../lib/gcc/arm-none-eabi/9.3.1/thumb/v7-m/nofp/crtbegin.o
                [!provide]                        PROVIDE (__fini_array_end = .)
                0x00000000080015f4                . = ALIGN (0x4)
                0x00000000080015f4                _sidata = LOADADDR (.data)

.data           0x0000000020000000        0xc load address 0x00000000080015f4
                0x0000000020000000                . = ALIGN (0x4)
                0x0000000020000000                _sdata = .
 *(.data)
 *(.data*)
 .data.SystemCoreClock
                0x0000000020000000        0x4 ./Core/Src/system_stm32f1xx.o
                0x0000000020000000                SystemCoreClock
 .data.uwTickPrio
                0x0000000020000004        0x4 ./Drivers/STM32F1xx_HAL_Driver/Src/stm32f1xx_hal.o
                0x0000000020000004                uwTickPrio
 .data.uwTickFreq
                0x0000000020000008        0x1 ./Drivers/STM32F1xx_HAL_Driver/Src/stm32f1xx_hal.o
                0x0000000020000008                uwTickFreq
 *(.RamFunc)
 *(.RamFunc*)
                0x000000002000000c                . = ALIGN (0x4)
 *fill*         0x0000000020000009        0x3 
                0x000000002000000c                _edata = .

.igot.plt       0x000000002000000c        0x0 load address 0x0000000008001600
 .igot.plt      0x000000002000000c        0x0 c:/st/stm32cubeide_1.8.0/stm32cubeide/plugins/com.st.stm32cube.ide.mcu.externaltools.gnu-tools-for-stm32.9-2020-q2-update.win32_2.0.0.202105311346/tools/bin/../lib/gcc/arm-none-eabi/9.3.1/thumb/v7-m/nofp/crtbegin.o
                0x000000002000000c                . = ALIGN (0x4)

.bss            0x000000002000000c       0x74 load address 0x0000000008001600
                0x000000002000000c                _sbss = .
                0x000000002000000c                __bss_start__ = _sbss
 *(.bss)
 .bss           0x000000002000000c       0x1c c:/st/stm32cubeide_1.8.0/stm32cubeide/plugins/com.st.stm32cube.ide.mcu.externaltools.gnu-tools-for-stm32.9-2020-q2-update.win32_2.0.0.202105311346/tools/bin/../lib/gcc/arm-none-eabi/9.3.1/thumb/v7-m/nofp/crtbegin.o
 *(.bss*)
 *(COMMON)
 COMMON         0x0000000020000028       0x54 ./Core/Src/main.o
                0x0000000020000028                hi2c1
 COMMON         0x000000002000007c        0x4 ./Drivers/STM32F1xx_HAL_Driver/Src/stm32f1xx_hal.o
                0x000000002000007c                uwTick
                0x0000000020000080                . = ALIGN (0x4)
                0x0000000020000080                _ebss = .
                0x0000000020000080                __bss_end__ = _ebss

._user_heap_stack
                0x0000000020000080      0x600 load address 0x0000000008001600
                0x0000000020000080                . = ALIGN (0x8)
                [!provide]                        PROVIDE (end = .)
                0x0000000020000080                PROVIDE (_end = .)
                0x0000000020000280                . = (. + _Min_Heap_Size)
 *fill*         0x0000000020000080      0x200 
                0x0000000020000680                . = (. + _Min_Stack_Size)
 *fill*         0x0000000020000280      0x400 
                0x0000000020000680                . = ALIGN (0x8)

/DISCARD/
 libc.a(*)
 libm.a(*)
 libgcc.a(*)

.ARM.attributes
                0x0000000000000000       0x29
 *(.ARM.attributes)
 .ARM.attributes
                0x0000000000000000       0x1d c:/st/stm32cubeide_1.8.0/stm32cubeide/plugins/com.st.stm32cube.ide.mcu.externaltools.gnu-tools-for-stm32.9-2020-q2-update.win32_2.0.0.202105311346/tools/bin/../lib/gcc/arm-none-eabi/9.3.1/thumb/v7-m/nofp/crti.o
 .ARM.attributes
                0x000000000000001d       0x2d c:/st/stm32cubeide_1.8.0/stm32cubeide/plugins/com.st.stm32cube.ide.mcu.externaltools.gnu-tools-for-stm32.9-2020-q2-update.win32_2.0.0.202105311346/tools/bin/../lib/gcc/arm-none-eabi/9.3.1/thumb/v7-m/nofp/crtbegin.o
 .ARM.attributes
                0x000000000000004a       0x2d ./Core/Src/main.o
 .ARM.attributes
                0x0000000000000077       0x2d ./Core/Src/stm32f1xx_hal_msp.o
 .ARM.attributes
                0x00000000000000a4       0x2d ./Core/Src/stm32f1xx_it.o
 .ARM.attributes
                0x00000000000000d1       0x2d ./Core/Src/system_stm32f1xx.o
 .ARM.attributes
                0x00000000000000fe       0x21 ./Core/Startup/startup_stm32f103c8tx.o
 .ARM.attributes
                0x000000000000011f       0x2d ./Drivers/STM32F1xx_HAL_Driver/Src/stm32f1xx_hal.o
 .ARM.attributes
                0x000000000000014c       0x2d ./Drivers/STM32F1xx_HAL_Driver/Src/stm32f1xx_hal_cortex.o
 .ARM.attributes
                0x0000000000000179       0x2d ./Drivers/STM32F1xx_HAL_Driver/Src/stm32f1xx_hal_gpio.o
 .ARM.attributes
                0x00000000000001a6       0x2d ./Drivers/STM32F1xx_HAL_Driver/Src/stm32f1xx_hal_i2c.o
 .ARM.attributes
                0x00000000000001d3       0x2d ./Drivers/STM32F1xx_HAL_Driver/Src/stm32f1xx_hal_rcc.o
 .ARM.attributes
                0x0000000000000200       0x2d c:/st/stm32cubeide_1.8.0/stm32cubeide/plugins/com.st.stm32cube.ide.mcu.externaltools.gnu-tools-for-stm32.9-2020-q2-update.win32_2.0.0.202105311346/tools/bin/../lib/gcc/arm-none-eabi/9.3.1/../../../../arm-none-eabi/lib/thumb/v7-m/nofp\libc_nano.a(lib_a-init.o)
 .ARM.attributes
                0x000000000000022d       0x2d c:/st/stm32cubeide_1.8.0/stm32cubeide/plugins/com.st.stm32cube.ide.mcu.externaltools.gnu-tools-for-stm32.9-2020-q2-update.win32_2.0.0.202105311346/tools/bin/../lib/gcc/arm-none-eabi/9.3.1/../../../../arm-none-eabi/lib/thumb/v7-m/nofp\libc_nano.a(lib_a-memset.o)
 .ARM.attributes
                0x000000000000025a       0x1d c:/st/stm32cubeide_1.8.0/stm32cubeide/plugins/com.st.stm32cube.ide.mcu.externaltools.gnu-tools-for-stm32.9-2020-q2-update.win32_2.0.0.202105311346/tools/bin/../lib/gcc/arm-none-eabi/9.3.1/thumb/v7-m/nofp/crtn.o
OUTPUT(f103c8t6_HAL.elf elf32-littlearm)
LOAD linker stubs
LOAD c:/st/stm32cubeide_1.8.0/stm32cubeide/plugins/com.st.stm32cube.ide.mcu.externaltools.gnu-tools-for-stm32.9-2020-q2-update.win32_2.0.0.202105311346/tools/bin/../lib/gcc/arm-none-eabi/9.3.1/../../../../arm-none-eabi/lib/thumb/v7-m/nofp\libc.a
LOAD c:/st/stm32cubeide_1.8.0/stm32cubeide/plugins/com.st.stm32cube.ide.mcu.externaltools.gnu-tools-for-stm32.9-2020-q2-update.win32_2.0.0.202105311346/tools/bin/../lib/gcc/arm-none-eabi/9.3.1/../../../../arm-none-eabi/lib/thumb/v7-m/nofp\libm.a
LOAD c:/st/stm32cubeide_1.8.0/stm32cubeide/plugins/com.st.stm32cube.ide.mcu.externaltools.gnu-tools-for-stm32.9-2020-q2-update.win32_2.0.0.202105311346/tools/bin/../lib/gcc/arm-none-eabi/9.3.1/thumb/v7-m/nofp\libgcc.a

.debug_info     0x0000000000000000     0x62e7
 .debug_info    0x0000000000000000      0xa32 ./Core/Src/main.o
 .debug_info    0x0000000000000a32      0x950 ./Core/Src/stm32f1xx_hal_msp.o
 .debug_info    0x0000000000001382      0x222 ./Core/Src/stm32f1xx_it.o
 .debug_info    0x00000000000015a4      0x2be ./Core/Src/system_stm32f1xx.o
 .debug_info    0x0000000000001862       0x22 ./Core/Startup/startup_stm32f103c8tx.o
 .debug_info    0x0000000000001884      0x76a ./Drivers/STM32F1xx_HAL_Driver/Src/stm32f1xx_hal.o
 .debug_info    0x0000000000001fee      0xbdc ./Drivers/STM32F1xx_HAL_Driver/Src/stm32f1xx_hal_cortex.o
 .debug_info    0x0000000000002bca      0x701 ./Drivers/STM32F1xx_HAL_Driver/Src/stm32f1xx_hal_gpio.o
 .debug_info    0x00000000000032cb     0x278e ./Drivers/STM32F1xx_HAL_Driver/Src/stm32f1xx_hal_i2c.o
 .debug_info    0x0000000000005a59      0x88e ./Drivers/STM32F1xx_HAL_Driver/Src/stm32f1xx_hal_rcc.o

.debug_abbrev   0x0000000000000000     0x11e1
 .debug_abbrev  0x0000000000000000      0x220 ./Core/Src/main.o
 .debug_abbrev  0x0000000000000220      0x1ac ./Core/Src/stm32f1xx_hal_msp.o
 .debug_abbrev  0x00000000000003cc       0xd2 ./Core/Src/stm32f1xx_it.o
 .debug_abbrev  0x000000000000049e      0x14e ./Core/Src/system_stm32f1xx.o
 .debug_abbrev  0x00000000000005ec       0x12 ./Core/Startup/startup_stm32f103c8tx.o
 .debug_abbrev  0x00000000000005fe      0x1ed ./Drivers/STM32F1xx_HAL_Driver/Src/stm32f1xx_hal.o
 .debug_abbrev  0x00000000000007eb      0x313 ./Drivers/STM32F1xx_HAL_Driver/Src/stm32f1xx_hal_cortex.o
 .debug_abbrev  0x0000000000000afe      0x1e8 ./Drivers/STM32F1xx_HAL_Driver/Src/stm32f1xx_hal_gpio.o
 .debug_abbrev  0x0000000000000ce6      0x288 ./Drivers/STM32F1xx_HAL_Driver/Src/stm32f1xx_hal_i2c.o
 .debug_abbrev  0x0000000000000f6e      0x273 ./Drivers/STM32F1xx_HAL_Driver/Src/stm32f1xx_hal_rcc.o

.debug_aranges  0x0000000000000000      0x688
 .debug_aranges
                0x0000000000000000       0x40 ./Core/Src/main.o
 .debug_aranges
                0x0000000000000040       0x30 ./Core/Src/stm32f1xx_hal_msp.o
 .debug_aranges
                0x0000000000000070       0x60 ./Core/Src/stm32f1xx_it.o
 .debug_aranges
                0x00000000000000d0       0x28 ./Core/Src/system_stm32f1xx.o
 .debug_aranges
                0x00000000000000f8       0x28 ./Core/Startup/startup_stm32f103c8tx.o
 .debug_aranges
                0x0000000000000120       0xe0 ./Drivers/STM32F1xx_HAL_Driver/Src/stm32f1xx_hal.o
 .debug_aranges
                0x0000000000000200      0x100 ./Drivers/STM32F1xx_HAL_Driver/Src/stm32f1xx_hal_cortex.o
 .debug_aranges
                0x0000000000000300       0x58 ./Drivers/STM32F1xx_HAL_Driver/Src/stm32f1xx_hal_gpio.o
 .debug_aranges
                0x0000000000000358      0x2a0 ./Drivers/STM32F1xx_HAL_Driver/Src/stm32f1xx_hal_i2c.o
 .debug_aranges
                0x00000000000005f8       0x90 ./Drivers/STM32F1xx_HAL_Driver/Src/stm32f1xx_hal_rcc.o

.debug_ranges   0x0000000000000000      0x618
 .debug_ranges  0x0000000000000000       0x30 ./Core/Src/main.o
 .debug_ranges  0x0000000000000030       0x20 ./Core/Src/stm32f1xx_hal_msp.o
 .debug_ranges  0x0000000000000050       0x50 ./Core/Src/stm32f1xx_it.o
 .debug_ranges  0x00000000000000a0       0x18 ./Core/Src/system_stm32f1xx.o
 .debug_ranges  0x00000000000000b8       0x20 ./Core/Startup/startup_stm32f103c8tx.o
 .debug_ranges  0x00000000000000d8       0xd0 ./Drivers/STM32F1xx_HAL_Driver/Src/stm32f1xx_hal.o
 .debug_ranges  0x00000000000001a8       0xf0 ./Drivers/STM32F1xx_HAL_Driver/Src/stm32f1xx_hal_cortex.o
 .debug_ranges  0x0000000000000298       0x48 ./Drivers/STM32F1xx_HAL_Driver/Src/stm32f1xx_hal_gpio.o
 .debug_ranges  0x00000000000002e0      0x2b8 ./Drivers/STM32F1xx_HAL_Driver/Src/stm32f1xx_hal_i2c.o
 .debug_ranges  0x0000000000000598       0x80 ./Drivers/STM32F1xx_HAL_Driver/Src/stm32f1xx_hal_rcc.o

.debug_macro    0x0000000000000000    0x15dc4
 .debug_macro   0x0000000000000000      0x1a7 ./Core/Src/main.o
 .debug_macro   0x00000000000001a7      0xa9c ./Core/Src/main.o
 .debug_macro   0x0000000000000c43      0x215 ./Core/Src/main.o
 .debug_macro   0x0000000000000e58       0x2e ./Core/Src/main.o
 .debug_macro   0x0000000000000e86       0x22 ./Core/Src/main.o
 .debug_macro   0x0000000000000ea8       0x22 ./Core/Src/main.o
 .debug_macro   0x0000000000000eca       0x8e ./Core/Src/main.o
 .debug_macro   0x0000000000000f58       0x51 ./Core/Src/main.o
 .debug_macro   0x0000000000000fa9      0x103 ./Core/Src/main.o
 .debug_macro   0x00000000000010ac       0x6a ./Core/Src/main.o
 .debug_macro   0x0000000000001116      0x1df ./Core/Src/main.o
 .debug_macro   0x00000000000012f5       0x1c ./Core/Src/main.o
 .debug_macro   0x0000000000001311       0x22 ./Core/Src/main.o
 .debug_macro   0x0000000000001333       0xc3 ./Core/Src/main.o
 .debug_macro   0x00000000000013f6      0xd23 ./Core/Src/main.o
 .debug_macro   0x0000000000002119     0xe09e ./Core/Src/main.o
 .debug_macro   0x00000000000101b7       0x6d ./Core/Src/main.o
 .debug_macro   0x0000000000010224     0x3468 ./Core/Src/main.o
 .debug_macro   0x000000000001368c      0x174 ./Core/Src/main.o
 .debug_macro   0x0000000000013800       0x5c ./Core/Src/main.o
 .debug_macro   0x000000000001385c      0x5be ./Core/Src/main.o
 .debug_macro   0x0000000000013e1a      0x289 ./Core/Src/main.o
 .debug_macro   0x00000000000140a3      0x1cb ./Core/Src/main.o
 .debug_macro   0x000000000001426e      0x114 ./Core/Src/main.o
 .debug_macro   0x0000000000014382      0x1b2 ./Core/Src/main.o
 .debug_macro   0x0000000000014534       0x27 ./Core/Src/main.o
 .debug_macro   0x000000000001455b      0x136 ./Core/Src/main.o
 .debug_macro   0x0000000000014691      0x1bc ./Core/Src/main.o
 .debug_macro   0x000000000001484d       0x34 ./Core/Src/main.o
 .debug_macro   0x0000000000014881       0x3c ./Core/Src/main.o
 .debug_macro   0x00000000000148bd       0x57 ./Core/Src/main.o
 .debug_macro   0x0000000000014914       0x88 ./Core/Src/main.o
 .debug_macro   0x000000000001499c      0x241 ./Core/Src/main.o
 .debug_macro   0x0000000000014bdd      0x287 ./Core/Src/main.o
 .debug_macro   0x0000000000014e64      0x141 ./Core/Src/main.o
 .debug_macro   0x0000000000014fa5       0x83 ./Core/Src/main.o
 .debug_macro   0x0000000000015028       0x1c ./Core/Src/main.o
 .debug_macro   0x0000000000015044      0x19d ./Core/Src/stm32f1xx_hal_msp.o
 .debug_macro   0x00000000000151e1      0x1a7 ./Core/Src/stm32f1xx_it.o
 .debug_macro   0x0000000000015388      0x18e ./Core/Src/system_stm32f1xx.o
 .debug_macro   0x0000000000015516      0x1b2 ./Drivers/STM32F1xx_HAL_Driver/Src/stm32f1xx_hal.o
 .debug_macro   0x00000000000156c8      0x18e ./Drivers/STM32F1xx_HAL_Driver/Src/stm32f1xx_hal_cortex.o
 .debug_macro   0x0000000000015856      0x1f9 ./Drivers/STM32F1xx_HAL_Driver/Src/stm32f1xx_hal_gpio.o
 .debug_macro   0x0000000000015a4f      0x1d5 ./Drivers/STM32F1xx_HAL_Driver/Src/stm32f1xx_hal_i2c.o
 .debug_macro   0x0000000000015c24      0x1a0 ./Drivers/STM32F1xx_HAL_Driver/Src/stm32f1xx_hal_rcc.o

.debug_line     0x0000000000000000     0x80c6
 .debug_line    0x0000000000000000      0x78f ./Core/Src/main.o
 .debug_line    0x000000000000078f      0x695 ./Core/Src/stm32f1xx_hal_msp.o
 .debug_line    0x0000000000000e24      0x70d ./Core/Src/stm32f1xx_it.o
 .debug_line    0x0000000000001531      0x6c9 ./Core/Src/system_stm32f1xx.o
 .debug_line    0x0000000000001bfa       0x87 ./Core/Startup/startup_stm32f103c8tx.o
 .debug_line    0x0000000000001c81      0x8f6 ./Drivers/STM32F1xx_HAL_Driver/Src/stm32f1xx_hal.o
 .debug_line    0x0000000000002577      0xade ./Drivers/STM32F1xx_HAL_Driver/Src/stm32f1xx_hal_cortex.o
 .debug_line    0x0000000000003055      0x98d ./Drivers/STM32F1xx_HAL_Driver/Src/stm32f1xx_hal_gpio.o
 .debug_line    0x00000000000039e2     0x39e0 ./Drivers/STM32F1xx_HAL_Driver/Src/stm32f1xx_hal_i2c.o
 .debug_line    0x00000000000073c2      0xd04 ./Drivers/STM32F1xx_HAL_Driver/Src/stm32f1xx_hal_rcc.o

.debug_str      0x0000000000000000    0x7e304
 .debug_str     0x0000000000000000    0x7c81c ./Core/Src/main.o
                                      0x7cbcb (size before relaxing)
 .debug_str     0x000000000007c81c       0x81 ./Core/Src/stm32f1xx_hal_msp.o
                                      0x7ca88 (size before relaxing)
 .debug_str     0x000000000007c89d       0xbd ./Core/Src/stm32f1xx_it.o
                                      0x7c5d1 (size before relaxing)
 .debug_str     0x000000000007c95a       0x52 ./Core/Src/system_stm32f1xx.o
                                      0x7c53f (size before relaxing)
 .debug_str     0x000000000007c9ac       0x36 ./Core/Startup/startup_stm32f103c8tx.o
                                         0x73 (size before relaxing)
 .debug_str     0x000000000007c9e2      0x568 ./Drivers/STM32F1xx_HAL_Driver/Src/stm32f1xx_hal.o
                                      0x7cbd0 (size before relaxing)
 .debug_str     0x000000000007cf4a      0x300 ./Drivers/STM32F1xx_HAL_Driver/Src/stm32f1xx_hal_cortex.o
                                      0x7cbd8 (size before relaxing)
 .debug_str     0x000000000007d24a      0x324 ./Drivers/STM32F1xx_HAL_Driver/Src/stm32f1xx_hal_gpio.o
                                      0x7c903 (size before relaxing)
 .debug_str     0x000000000007d56e      0xb52 ./Drivers/STM32F1xx_HAL_Driver/Src/stm32f1xx_hal_i2c.o
                                      0x7d57b (size before relaxing)
 .debug_str     0x000000000007e0c0      0x244 ./Drivers/STM32F1xx_HAL_Driver/Src/stm32f1xx_hal_rcc.o
                                      0x7c93c (size before relaxing)

.comment        0x0000000000000000       0x53
 .comment       0x0000000000000000       0x53 ./Core/Src/main.o
                                         0x54 (size before relaxing)
 .comment       0x0000000000000053       0x54 ./Core/Src/stm32f1xx_hal_msp.o
 .comment       0x0000000000000053       0x54 ./Core/Src/stm32f1xx_it.o
 .comment       0x0000000000000053       0x54 ./Core/Src/system_stm32f1xx.o
 .comment       0x0000000000000053       0x54 ./Drivers/STM32F1xx_HAL_Driver/Src/stm32f1xx_hal.o
 .comment       0x0000000000000053       0x54 ./Drivers/STM32F1xx_HAL_Driver/Src/stm32f1xx_hal_cortex.o
 .comment       0x0000000000000053       0x54 ./Drivers/STM32F1xx_HAL_Driver/Src/stm32f1xx_hal_gpio.o
 .comment       0x0000000000000053       0x54 ./Drivers/STM32F1xx_HAL_Driver/Src/stm32f1xx_hal_i2c.o
 .comment       0x0000000000000053       0x54 ./Drivers/STM32F1xx_HAL_Driver/Src/stm32f1xx_hal_rcc.o

.debug_frame    0x0000000000000000     0x19f0
 .debug_frame   0x0000000000000000       0xa8 ./Core/Src/main.o
 .debug_frame   0x00000000000000a8       0x80 ./Core/Src/stm32f1xx_hal_msp.o
 .debug_frame   0x0000000000000128      0x104 ./Core/Src/stm32f1xx_it.o
 .debug_frame   0x000000000000022c       0x58 ./Core/Src/system_stm32f1xx.o
 .debug_frame   0x0000000000000284      0x334 ./Drivers/STM32F1xx_HAL_Driver/Src/stm32f1xx_hal.o
 .debug_frame   0x00000000000005b8      0x428 ./Drivers/STM32F1xx_HAL_Driver/Src/stm32f1xx_hal_cortex.o
 .debug_frame   0x00000000000009e0      0x14c ./Drivers/STM32F1xx_HAL_Driver/Src/stm32f1xx_hal_gpio.o
 .debug_frame   0x0000000000000b2c      0xc5c ./Drivers/STM32F1xx_HAL_Driver/Src/stm32f1xx_hal_i2c.o
 .debug_frame   0x0000000000001788      0x21c ./Drivers/STM32F1xx_HAL_Driver/Src/stm32f1xx_hal_rcc.o
 .debug_frame   0x00000000000019a4       0x2c c:/st/stm32cubeide_1.8.0/stm32cubeide/plugins/com.st.stm32cube.ide.mcu.externaltools.gnu-tools-for-stm32.9-2020-q2-update.win32_2.0.0.202105311346/tools/bin/../lib/gcc/arm-none-eabi/9.3.1/../../../../arm-none-eabi/lib/thumb/v7-m/nofp\libc_nano.a(lib_a-init.o)
 .debug_frame   0x00000000000019d0       0x20 c:/st/stm32cubeide_1.8.0/stm32cubeide/plugins/com.st.stm32cube.ide.mcu.externaltools.gnu-tools-for-stm32.9-2020-q2-update.win32_2.0.0.202105311346/tools/bin/../lib/gcc/arm-none-eabi/9.3.1/../../../../arm-none-eabi/lib/thumb/v7-m/nofp\libc_nano.a(lib_a-memset.o)
